---
source: src/query.rs
expression: "&query_execution_results"
---
{
    "./test_crates/enum_non_exhaustive_variant_added/": [
        // TODO
    ]
}
