---
source: src/query.rs
expression: "&query_execution_results"
---
{
    "./test_crates/type_associated_const_added/": [
        // TODO
    ]
}
